// Jest Snapshot v1, https://goo.gl/fbAQLP

exports[`ExcelFile Component should render correctly 1`] = `
<div
  className="table table-responsive"
>
  <table
    className="table table-striped table-bordered"
  >
    <tbody />
  </table>
</div>
`;
